// Jest Snapshot v1, https://goo.gl/fbAQLP

exports[`very long arrays can be safely passed to nativeArray.concat #2379 1`] = `
[MockFunction] {
  "calls": [
    [
      "[mobx.array] Attempt to read an array index (10000) that is out of bounds (10000). Please check length first. Out of bound indices will not be tracked by MobX",
    ],
  ],
  "results": [
    {
      "type": "return",
      "value": undefined,
    },
  ],
}
`;
