// Jest Snapshot v1, https://goo.gl/fbAQLP

exports[`printDebugValue 1`] = `
{
  "dependencies": [
    {
      "name": "ObservableObject@1.euro",
    },
    {
      "dependencies": [
        {
          "name": "ObservableObject@1.euro",
        },
      ],
      "name": "ObservableObject@1.pound",
    },
  ],
  "name": "Autorun@2",
}
`;

exports[`printDebugValue 2`] = `
{
  "name": "Autorun@2",
}
`;
