// Jest Snapshot v1, https://goo.gl/fbAQLP

exports[`it should support logging 1`] = `
[
  {
    "arguments": [
      2,
    ],
    "name": "myaction - runid: 6 - init",
    "spyReportStart": true,
    "type": "action",
  },
  {
    "spyReportEnd": true,
    "type": "report-end",
  },
  {
    "arguments": [
      undefined,
    ],
    "name": "myaction - runid: 6 - yield 0",
    "spyReportStart": true,
    "type": "action",
  },
  {
    "debugObjectName": "ObservableObject@7",
    "name": "a",
    "newValue": 2,
    "observableKind": "object",
    "oldValue": 1,
    "spyReportStart": true,
    "type": "update",
  },
  {
    "spyReportEnd": true,
    "type": "report-end",
  },
  {
    "spyReportEnd": true,
    "type": "report-end",
  },
  {
    "arguments": [
      5,
    ],
    "name": "myaction - runid: 6 - yield 1",
    "spyReportStart": true,
    "type": "action",
  },
  {
    "debugObjectName": "ObservableObject@7",
    "name": "a",
    "newValue": 5,
    "observableKind": "object",
    "oldValue": 2,
    "spyReportStart": true,
    "type": "update",
  },
  {
    "spyReportEnd": true,
    "type": "report-end",
  },
  {
    "debugObjectName": "ObservableObject@7",
    "name": "a",
    "newValue": 4,
    "observableKind": "object",
    "oldValue": 5,
    "spyReportStart": true,
    "type": "update",
  },
  {
    "spyReportEnd": true,
    "type": "report-end",
  },
  {
    "spyReportEnd": true,
    "type": "report-end",
  },
  {
    "arguments": [
      3,
    ],
    "name": "myaction - runid: 6 - yield 2",
    "spyReportStart": true,
    "type": "action",
  },
  {
    "debugObjectName": "ObservableObject@7",
    "name": "a",
    "newValue": 3,
    "observableKind": "object",
    "oldValue": 4,
    "spyReportStart": true,
    "type": "update",
  },
  {
    "spyReportEnd": true,
    "type": "report-end",
  },
  {
    "spyReportEnd": true,
    "type": "report-end",
  },
]
`;
