// Jest Snapshot v1, https://goo.gl/fbAQLP

exports[`spy error 1`] = `
[
  {
    "name": "autorun",
    "spyReportStart": true,
    "type": "reaction",
  },
  {
    "debugObjectName": "ObservableObject@1.y",
    "newValue": 4,
    "observableKind": "computed",
    "oldValue": CaughtException {
      "cause": null,
    },
    "type": "update",
  },
  {
    "spyReportEnd": true,
    "type": "report-end",
  },
  {
    "debugObjectName": "ObservableObject@1",
    "name": "x",
    "newValue": 3,
    "observableKind": "object",
    "oldValue": 2,
    "spyReportStart": true,
    "type": "update",
  },
  {
    "debugObjectName": "ObservableObject@1.y",
    "newValue": CaughtException {
      "cause": "Oops",
    },
    "observableKind": "computed",
    "oldValue": 4,
    "type": "update",
  },
  {
    "name": "autorun",
    "spyReportStart": true,
    "type": "reaction",
  },
  {
    "error": "Oops",
    "message": "[mobx] Encountered an uncaught exception that was thrown by a reaction or observer component, in: 'Reaction[autorun]'",
    "name": "autorun",
    "type": "error",
  },
  {
    "spyReportEnd": true,
    "type": "report-end",
  },
  {
    "spyReportEnd": true,
    "type": "report-end",
  },
  {
    "arguments": [
      4,
    ],
    "name": "setX",
    "spyReportStart": true,
    "type": "action",
  },
  {
    "debugObjectName": "ObservableObject@1",
    "name": "x",
    "newValue": 4,
    "observableKind": "object",
    "oldValue": 3,
    "spyReportStart": true,
    "type": "update",
  },
  {
    "spyReportEnd": true,
    "type": "report-end",
  },
  {
    "debugObjectName": "ObservableObject@1.y",
    "newValue": 8,
    "observableKind": "computed",
    "oldValue": CaughtException {
      "cause": "Oops",
    },
    "type": "update",
  },
  {
    "name": "autorun",
    "spyReportStart": true,
    "type": "reaction",
  },
  {
    "spyReportEnd": true,
    "type": "report-end",
  },
  {
    "spyReportEnd": true,
    "type": "report-end",
  },
]
`;

exports[`spy output 1`] = `
[
  {
    "debugObjectName": "ObservableValue@1",
    "newValue": "2",
    "observableKind": "value",
    "type": "create",
  },
  {
    "debugObjectName": "ObservableValue@1",
    "newValue": 3,
    "observableKind": "value",
    "oldValue": 2,
    "spyReportStart": true,
    "type": "update",
  },
  {
    "spyReportEnd": true,
    "type": "report-end",
  },
  {
    "debugObjectName": "ObservableObject@2",
    "name": "c",
    "newValue": 4,
    "observableKind": "object",
    "spyReportStart": true,
    "type": "add",
  },
  {
    "spyReportEnd": true,
    "type": "report-end",
  },
  {
    "debugObjectName": "ObservableObject@2",
    "name": "c",
    "newValue": 5,
    "observableKind": "object",
    "oldValue": 4,
    "spyReportStart": true,
    "type": "update",
  },
  {
    "spyReportEnd": true,
    "type": "report-end",
  },
  {
    "debugObjectName": "ObservableObject@2",
    "name": "d",
    "newValue": 6,
    "observableKind": "object",
    "spyReportStart": true,
    "type": "add",
  },
  {
    "spyReportEnd": true,
    "type": "report-end",
  },
  {
    "debugObjectName": "ObservableObject@2",
    "name": "d",
    "newValue": 7,
    "observableKind": "object",
    "oldValue": 6,
    "spyReportStart": true,
    "type": "update",
  },
  {
    "spyReportEnd": true,
    "type": "report-end",
  },
  {
    "added": [
      1,
      2,
    ],
    "addedCount": 2,
    "debugObjectName": "ObservableArray@3",
    "index": 0,
    "observableKind": "array",
    "removed": [],
    "removedCount": 0,
    "spyReportStart": true,
    "type": "splice",
  },
  {
    "spyReportEnd": true,
    "type": "report-end",
  },
  {
    "added": [
      3,
      4,
    ],
    "addedCount": 2,
    "debugObjectName": "ObservableArray@3",
    "index": 2,
    "observableKind": "array",
    "removed": [],
    "removedCount": 0,
    "spyReportStart": true,
    "type": "splice",
  },
  {
    "spyReportEnd": true,
    "type": "report-end",
  },
  {
    "added": [],
    "addedCount": 0,
    "debugObjectName": "ObservableArray@3",
    "index": 0,
    "observableKind": "array",
    "removed": [
      1,
    ],
    "removedCount": 1,
    "spyReportStart": true,
    "type": "splice",
  },
  {
    "spyReportEnd": true,
    "type": "report-end",
  },
  {
    "debugObjectName": "ObservableArray@3",
    "index": 2,
    "newValue": 5,
    "observableKind": "array",
    "oldValue": 4,
    "spyReportStart": true,
    "type": "update",
  },
  {
    "spyReportEnd": true,
    "type": "report-end",
  },
  {
    "debugObjectName": "ObservableMap@4",
    "name": "g",
    "newValue": 1,
    "observableKind": "map",
    "spyReportStart": true,
    "type": "add",
  },
  {
    "spyReportEnd": true,
    "type": "report-end",
  },
  {
    "debugObjectName": "ObservableMap@4",
    "name": "g",
    "observableKind": "map",
    "oldValue": 1,
    "spyReportStart": true,
    "type": "delete",
  },
  {
    "spyReportEnd": true,
    "type": "report-end",
  },
  {
    "debugObjectName": "ObservableMap@4",
    "name": "i",
    "newValue": 5,
    "observableKind": "map",
    "spyReportStart": true,
    "type": "add",
  },
  {
    "spyReportEnd": true,
    "type": "report-end",
  },
  {
    "debugObjectName": "ObservableMap@4",
    "name": "i",
    "newValue": 6,
    "observableKind": "map",
    "oldValue": 5,
    "spyReportStart": true,
    "type": "update",
  },
  {
    "spyReportEnd": true,
    "type": "report-end",
  },
  {
    "name": "Autorun@6",
    "spyReportStart": true,
    "type": "reaction",
  },
  {
    "debugObjectName": "ComputedValue@5",
    "newValue": 6,
    "observableKind": "computed",
    "oldValue": CaughtException {
      "cause": null,
    },
    "type": "update",
  },
  {
    "spyReportEnd": true,
    "type": "report-end",
  },
  {
    "debugObjectName": "ObservableValue@1",
    "newValue": 4,
    "observableKind": "value",
    "oldValue": 3,
    "spyReportStart": true,
    "type": "update",
  },
  {
    "debugObjectName": "ComputedValue@5",
    "newValue": 8,
    "observableKind": "computed",
    "oldValue": 6,
    "type": "update",
  },
  {
    "name": "Autorun@6",
    "spyReportStart": true,
    "type": "reaction",
  },
  {
    "spyReportEnd": true,
    "type": "report-end",
  },
  {
    "spyReportEnd": true,
    "type": "report-end",
  },
  {
    "debugObjectName": "ObservableValue@1",
    "newValue": 5,
    "observableKind": "value",
    "oldValue": 4,
    "spyReportStart": true,
    "type": "update",
  },
  {
    "spyReportEnd": true,
    "type": "report-end",
  },
  {
    "debugObjectName": "ObservableValue@1",
    "newValue": 6,
    "observableKind": "value",
    "oldValue": 5,
    "spyReportStart": true,
    "type": "update",
  },
  {
    "spyReportEnd": true,
    "type": "report-end",
  },
  {
    "debugObjectName": "ComputedValue@5",
    "newValue": 12,
    "observableKind": "computed",
    "oldValue": 8,
    "type": "update",
  },
  {
    "name": "Autorun@6",
    "spyReportStart": true,
    "type": "reaction",
  },
  {
    "spyReportEnd": true,
    "type": "report-end",
  },
  {
    "arguments": [
      7,
    ],
    "name": "myTestAction",
    "spyReportStart": true,
    "type": "action",
  },
  {
    "debugObjectName": "ObservableValue@1",
    "newValue": 7,
    "observableKind": "value",
    "oldValue": 6,
    "spyReportStart": true,
    "type": "update",
  },
  {
    "spyReportEnd": true,
    "type": "report-end",
  },
  {
    "debugObjectName": "ComputedValue@5",
    "newValue": 14,
    "observableKind": "computed",
    "oldValue": 12,
    "type": "update",
  },
  {
    "name": "Autorun@6",
    "spyReportStart": true,
    "type": "reaction",
  },
  {
    "spyReportEnd": true,
    "type": "report-end",
  },
  {
    "spyReportEnd": true,
    "type": "report-end",
  },
]
`;
